15:13:00 | Level 2 skip comparison started — device=cuda
15:13:00 | Skip values: [1, 2, 4, 6]  |  Optimizers: ['bayesian', 'nsga2', 'nsga3']
15:13:00 | =======================================================
15:13:00 | Optimizer: BAYESIAN  L=5 N=151 act=relu
15:13:00 | =======================================================
15:16:15 |   skip= 1 | steps=21/21 | L2=0.0122 | MAE=2.3C | 195s
15:17:48 |   skip= 2 | steps=11/21 | L2=0.0140 | MAE=2.6C | 93s
15:18:36 |   skip= 4 | steps= 6/21 | L2=0.0389 | MAE=8.0C | 48s
15:19:05 |   skip= 6 | steps= 4/21 | L2=0.1415 | MAE=30.6C | 30s
15:19:05 |   RESULT bayesian skip=1 steps=21/21 L2=0.0122 MAE=2.3C time=195s
15:19:05 |   RESULT bayesian skip=2 steps=11/21 L2=0.0140 MAE=2.6C time=93s
15:19:05 |   RESULT bayesian skip=4 steps=6/21 L2=0.0389 MAE=8.0C time=48s
15:19:05 |   RESULT bayesian skip=6 steps=4/21 L2=0.1415 MAE=30.6C time=30s
15:19:05 | =======================================================
15:19:05 | Optimizer: NSGA2  L=3 N=153 act=tanh
15:19:05 | =======================================================
15:21:32 |   skip= 1 | steps=21/21 | L2=0.0422 | MAE=9.5C | 146s
15:22:50 |   skip= 2 | steps=11/21 | L2=0.0731 | MAE=16.2C | 78s
15:23:29 |   skip= 4 | steps= 6/21 | L2=0.2362 | MAE=57.3C | 39s
15:23:52 |   skip= 6 | steps= 4/21 | L2=0.6938 | MAE=181.2C | 23s
15:23:52 |   RESULT    nsga2 skip=1 steps=21/21 L2=0.0422 MAE=9.5C time=146s
15:23:52 |   RESULT    nsga2 skip=2 steps=11/21 L2=0.0731 MAE=16.2C time=78s
15:23:52 |   RESULT    nsga2 skip=4 steps=6/21 L2=0.2362 MAE=57.3C time=39s
15:23:52 |   RESULT    nsga2 skip=6 steps=4/21 L2=0.6938 MAE=181.2C time=23s
15:23:52 | =======================================================
15:23:52 | Optimizer: NSGA3  L=3 N=75 act=tanh
15:23:52 | =======================================================
15:26:23 |   skip= 1 | steps=21/21 | L2=0.0675 | MAE=15.3C | 151s
15:27:41 |   skip= 2 | steps=11/21 | L2=0.0688 | MAE=15.8C | 77s
15:28:19 |   skip= 4 | steps= 6/21 | L2=0.2795 | MAE=72.3C | 38s
15:28:42 |   skip= 6 | steps= 4/21 | L2=0.8111 | MAE=207.3C | 23s
15:28:42 |   RESULT    nsga3 skip=1 steps=21/21 L2=0.0675 MAE=15.3C time=151s
15:28:42 |   RESULT    nsga3 skip=2 steps=11/21 L2=0.0688 MAE=15.8C time=77s
15:28:42 |   RESULT    nsga3 skip=4 steps=6/21 L2=0.2795 MAE=72.3C time=38s
15:28:42 |   RESULT    nsga3 skip=6 steps=4/21 L2=0.8111 MAE=207.3C time=23s
15:28:42 | 
======================================================================
15:28:42 |   LEVEL 2 — Three Optimizer Comparison
15:28:42 | ======================================================================
15:28:42 |  optimizer | skip |   steps |   l2_rel |    mae_C |  time_s
15:28:42 | -----------------------------------------------------------
15:28:42 |   bayesian |    1 |  21/21  |   0.0122 |      2.3 |     195
15:28:42 |   bayesian |    2 |  11/21  |   0.0140 |      2.6 |      93
15:28:42 |   bayesian |    4 |   6/21  |   0.0389 |      8.0 |      48
15:28:42 |   bayesian |    6 |   4/21  |   0.1415 |     30.6 |      30
15:28:42 |      nsga2 |    1 |  21/21  |   0.0422 |      9.5 |     146
15:28:42 |      nsga2 |    2 |  11/21  |   0.0731 |     16.2 |      78
15:28:42 |      nsga2 |    4 |   6/21  |   0.2362 |     57.3 |      39
15:28:42 |      nsga2 |    6 |   4/21  |   0.6938 |    181.2 |      23
15:28:42 |      nsga3 |    1 |  21/21  |   0.0675 |     15.3 |     151
15:28:42 |      nsga3 |    2 |  11/21  |   0.0688 |     15.8 |      77
15:28:42 |      nsga3 |    4 |   6/21  |   0.2795 |     72.3 |      38
15:28:42 |      nsga3 |    6 |   4/21  |   0.8111 |    207.3 |      23
15:28:42 | Saved: results/skip_table.json
15:28:42 | Log  : results/run.log
